// Jest Snapshot v1, https://goo.gl/fbAQLP

exports[`Header renders 1`] = `
<WithStyles(ForwardRef(AppBar))
  className="makeStyles-root-1"
  color="primary"
>
  <WithStyles(ForwardRef(Container))
    maxWidth="md"
  >
    <WithStyles(ForwardRef(Typography))
      color="inherit"
      variant="body1"
    >
      EUROSPORT | TEST
    </WithStyles(ForwardRef(Typography))>
  </WithStyles(ForwardRef(Container))>
</WithStyles(ForwardRef(AppBar))>
`;
